// Jest Snapshot v1, https://goo.gl/fbAQLP

exports[`should be on correct page 1`] = `
"
        <div class=\\"saasafari-auth-app\\"><div data-reactroot=\\"\\" data-reactid=\\"1\\" data-react-checksum=\\"-662995952\\"><!-- react-empty: 2 --><nav data-reactid=\\"3\\"><ul data-reactid=\\"4\\"><li data-reactid=\\"5\\"><a class=\\"active\\" style=\\"color:limegreen;\\" href=\\"/\\" data-reactid=\\"6\\">Homepage</a></li><li data-reactid=\\"7\\"><a href=\\"/other\\" data-reactid=\\"8\\">Other</a></li></ul></nav><div data-reactid=\\"9\\"><!-- react-empty: 10 --><h1 data-reactid=\\"11\\">HomePage</h1></div></div></div>
        <script src=\\"http://localhost:7000/dist/js/bundle.js\\"></script>
      
    "
`;
